// Jest Snapshot v1, https://goo.gl/fbAQLP

exports[`Feature List Item renders correctly 1`] = `
.c0 {
  border-radius: 10px;
  display: inline-block;
  box-shadow: inset 4px 4px 6px 0 rgba(0,0,0,0.2),inset -3px -4px 6px 0 rgba(255,255,255,0.3);
  padding: .5em 1em;
  margin: .3em;
}

<div>
  <li
    class="c0"
  >
    kein W-Lan
  </li>
</div>
`;
