// Jest Snapshot v1, https://goo.gl/fbAQLP

exports[`Filter Campsite Checkbox renders correctly 1`] = `
<div>
  <div
    class="ButtonBackGroup__Buttons-yrfass-0 gPvmVA"
  >
    <button
      class="Button__ButtonStyled-sc-1b627y-0 klBpgr"
    >
      Log in
    </button>
    <button
      class="Button__ButtonStyled-sc-1b627y-0 klBpgr"
    >
      Zur√ºck
    </button>
  </div>
</div>
`;
