// Jest Snapshot v1, https://goo.gl/fbAQLP

exports[`Button renders correctly 1`] = `
.c1 {
  padding: 1em 2em;
  font-family: 'Arvo';
  font-size: 1.1rem;
  border-radius: 10px;
  width: auto;
  border: none;
  background: var(--background);
  box-shadow: 2px 4px 8px -4px rgba(0,0,0,0.6),-2px -2px 2px 0px rgba(255,255,255,0.5);
  color: var(--headline);
  text-transform: uppercase;
  margin: 1em auto 3em auto;
}

.c1:hover {
  box-shadow: inset 4px 4px 6px 0 rgba(0,0,0,0.2),inset -3px -4px 6px 0 rgba(255,255,255,0.3);
  outline: none;
}

.c0 {
  margin: 6em 2.5em;
}

<div>
  <div
    class="c0"
  >
    <h2>
      Fehler 404: Ups, hier stimmt was nicht!
    </h2>
    <p>
      Diese Seite existiert leider nicht (mehr)!
    </p>
    <button
      class="c1"
    >
      Zur√ºck
    </button>
  </div>
</div>
`;
