// Jest Snapshot v1, https://goo.gl/fbAQLP

exports[`Sign Up Form renders correctly 1`] = `
.c4 {
  padding: 1em 2em;
  font-family: 'Arvo';
  font-size: 1.1rem;
  border-radius: 10px;
  width: auto;
  border: none;
  background: #c2d6d3;
  box-shadow: 2px 4px 8px -4px rgba(0,0,0,0.6),-2px -2px 2px 0px rgba(255,255,255,0.5);
  color: #476c85;
  text-transform: uppercase;
  margin: 1em auto 3em auto;
}

.c4:hover {
  box-shadow: inset 4px 4px 6px 0 rgba(0,0,0,0.2),inset -3px -4px 6px 0 rgba(255,255,255,0.3);
  outline: none;
}

.c3 {
  display: grid;
  justify-items: center;
}

.c3 Button {
  margin: .5em;
  width: 10em;
}

.c1 {
  grid-column: 1 / -1;
  width: 100%;
  text-align: center;
  margin: 0 auto 2em;
  margin-bottom: .5em;
}

.c1 h3 {
  text-align: left;
  padding-left: .5em;
  margin: 0 0 1em;
}

.c1 input {
  width: 100%;
  padding: 1em;
  height: 3em;
  font-size: 1em;
  border: none;
  border-radius: 10px;
  color: #6b717e;
  background-color: #d8e6e4;
  box-shadow: inset 4px 4px 6px 0 rgba(0,0,0,0.2),inset -3px -4px 6px 0 rgba(255,255,255,0.3);
}

.c1 input:focus {
  outline: none;
  box-shadow: inset 4px 4px 6px 0 rgba(0,0,0,0.2),inset -3px -4px 6px 0 rgba(255,255,255,0.3),0 0 0px 1.7px #d3a392;
}

.c2 {
  grid-column: 1 / -1;
  width: 100%;
  text-align: center;
  margin: 0 auto 2em;
  margin-bottom: 1em;
}

.c2 h3 {
  text-align: left;
  padding-left: .5em;
  margin: 0 0 1em;
}

.c2 input {
  width: 100%;
  padding: 1em;
  height: 3em;
  font-size: 1em;
  border: none;
  border-radius: 10px;
  color: #6b717e;
  background-color: #d8e6e4;
  box-shadow: inset 4px 4px 6px 0 rgba(0,0,0,0.2),inset -3px -4px 6px 0 rgba(255,255,255,0.3);
}

.c2 input:focus {
  outline: none;
  box-shadow: inset 4px 4px 6px 0 rgba(0,0,0,0.2),inset -3px -4px 6px 0 rgba(255,255,255,0.3),0 0 0px 1.7px #d3a392;
}

.c0 {
  max-width: 500px;
  display: grid;
  margin: 2em;
}

<div>
  <form
    class="c0"
  >
    <label
      class="c1"
      data-testid="input-field"
    >
      <h3 />
      <input
        data-testid="firstName"
        name="firstName"
        placeholder="Vorname"
        type="text"
        value=""
      />
    </label>
    <label
      class="c1"
      data-testid="input-field"
    >
      <h3 />
      <input
        data-testid="lastName"
        name="lastName"
        placeholder="Nachname"
        type="text"
        value=""
      />
    </label>
    <label
      class="c1"
      data-testid="input-field"
    >
      <h3 />
      <input
        data-testid="email"
        name="email"
        placeholder="E-Mail"
        type="text"
        value=""
      />
    </label>
    <label
      class="c1"
      data-testid="input-field"
    >
      <h3 />
      <input
        data-testid="password"
        name="password"
        placeholder="Passwort"
        type="password"
        value=""
      />
    </label>
    <label
      class="c2"
      data-testid="input-field"
    >
      <h3 />
      <input
        data-testid="passwordControl"
        name="passwordControl"
        placeholder="Passwort Wiederholung"
        type="password"
        value=""
      />
    </label>
    <div
      class="c3"
    >
      <button
        class="c4"
      >
        SignUp
      </button>
      <button
        class="c4"
      >
        Zur√ºck
      </button>
    </div>
  </form>
</div>
`;
